#
# There is insufficient memory for the Java Runtime Environment to continue.
# Native memory allocation (malloc) failed to allocate 1107536 bytes. Error detail: Chunk::new
# Possible reasons:
#   The system is out of physical RAM or swap space
#   This process is running with CompressedOops enabled, and the Java Heap may be blocking the growth of the native heap
# Possible solutions:
#   Reduce memory load on the system
#   Increase physical memory or swap space
#   Check if swap backing store is full
#   Decrease Java heap size (-Xmx/-Xms)
#   Decrease number of Java threads
#   Decrease Java thread stack sizes (-Xss)
#   Set larger code cache with -XX:ReservedCodeCacheSize=
#   JVM is running with Unscaled Compressed Oops mode in which the Java heap is
#     placed in the first 4GB address space. The Java Heap base address is the
#     maximum limit for the native heap growth. Please use -XX:HeapBaseMinAddress
#     to set the Java Heap base and to place the Java Heap above 4GB virtual address.
# This output file may be truncated or incomplete.
#
#  Out of Memory Error (arena.cpp:168), pid=16116, tid=6048
#
# JRE version: OpenJDK Runtime Environment Temurin-21.0.11+10 (21.0.11+10) (build 21.0.11+10-LTS)
# Java VM: OpenJDK 64-Bit Server VM Temurin-21.0.11+10 (21.0.11+10-LTS, mixed mode, sharing, tiered, compressed oops, compressed class ptrs, parallel gc, windows-amd64)
# No core dump will be written. Minidumps are not enabled by default on client versions of Windows
#

---------------  S U M M A R Y ------------

Command Line: --add-modules=ALL-SYSTEM --add-opens=java.base/java.util=ALL-UNNAMED --add-opens=java.base/java.lang=ALL-UNNAMED --add-opens=java.base/sun.nio.fs=ALL-UNNAMED -Declipse.application=org.eclipse.jdt.ls.core.id1 -Dosgi.bundles.defaultStartLevel=4 -Declipse.product=org.eclipse.jdt.ls.core.product -Djava.import.generatesMetadataFilesAtProjectRoot=false -DDetectVMInstallationsJob.disabled=true -Dfile.encoding=utf8 -XX:+UseParallelGC -XX:GCTimeRatio=4 -XX:AdaptiveSizePolicyWeight=90 -Dsun.zip.disableMemoryMapping=true -Xmx2G -Xms100m -Xlog:disable -javaagent:c:\Users\danie\.vscode\extensions\redhat.java-1.55.0-win32-x64\lombok\lombok-1.18.39-4050.jar -XX:+HeapDumpOnOutOfMemoryError -XX:HeapDumpPath=c:\Users\danie\AppData\Roaming\Code\User\workspaceStorage\cd4694d70656de313ca6e43ad8c834c3\redhat.java -Daether.dependencyCollector.impl=bf c:\Users\danie\.vscode\extensions\redhat.java-1.55.0-win32-x64\server\plugins\org.eclipse.equinox.launcher_1.7.200.v20260619-2039.jar -configuration c:\Users\danie\AppData\Roaming\Code\User\globalStorage\redhat.java\1.55.0\config_win -data c:\Users\danie\AppData\Roaming\Code\User\workspaceStorage\cd4694d70656de313ca6e43ad8c834c3\redhat.java\jdt_ws --pipe=\\.\pipe\lsp-3a41ce10773e7146a8a7e5a193e2030c-sock

Host: 12th Gen Intel(R) Core(TM) i7-1255U, 12 cores, 15G,  Windows 11 , 64 bit Build 26100 (10.0.26100.8521)
Time: Thu Aug 20 23:13:32 2026 Greenwich elapsed time: 44.542102 seconds (0d 0h 0m 44s)

---------------  T H R E A D  ---------------

Current thread (0x000001f6d49bc410):  JavaThread "C2 CompilerThread1" daemon [_thread_in_native, id=6048, stack(0x000000413ff00000,0x0000004140000000) (1024K)]


Current CompileTask:
C2:44542 14472       4       org.eclipse.jdt.internal.core.builder.NameEnvironment::findClass (486 bytes)

Stack: [0x000000413ff00000,0x0000004140000000]
Native frames: (J=compiled Java code, j=interpreted, Vv=VM code, C=native code)
V  [jvm.dll+0x6d7e19]
V  [jvm.dll+0x8b5096]
V  [jvm.dll+0x8b764e]
V  [jvm.dll+0x8b7d33]
V  [jvm.dll+0x284596]
V  [jvm.dll+0xc685d]
V  [jvm.dll+0xc6da1]
V  [jvm.dll+0x3bed31]
V  [jvm.dll+0x1e4149]
V  [jvm.dll+0x24c853]
V  [jvm.dll+0x24bce0]
V  [jvm.dll+0x1cb4ae]
V  [jvm.dll+0x25baad]
V  [jvm.dll+0x25a03a]
V  [jvm.dll+0x3f868e]
V  [jvm.dll+0x85fb0d]
V  [jvm.dll+0x6d664d]
C  [ucrtbase.dll+0x2cd30]
C  [KERNEL32.DLL+0x2e957]
C  [ntdll.dll+0x87c1c]


---------------  P R O C E S S  ---------------

Threads class SMR info:
_java_thread_list=0x000001f6fef453c0, length=87, elements={
0x000001f6f0454da0, 0x000001f6f2a44630, 0x000001f6f2a481d0, 0x000001f6f2a49590,
0x000001f6f2a4a1f0, 0x000001f6f2a4de50, 0x000001f6fb7a3f60, 0x000001f6fb7a6b90,
0x000001f6fb7d78c0, 0x000001f6fba94b90, 0x000001f6fbaa90d0, 0x000001f6fcb09790,
0x000001f6fcb06310, 0x000001f6fcb09100, 0x000001f6fcb07030, 0x000001f6fcb08a70,
0x000001f6fcb069a0, 0x000001f6fcb083e0, 0x000001f6fcb076c0, 0x000001f6fcb07d50,
0x000001f6fdeaabb0, 0x000001f6fdeab240, 0x000001f6fdea7dc0, 0x000001f6fdea9e90,
0x000001f6fdeab8d0, 0x000001f6fdea8450, 0x000001f6fdeabf60, 0x000001f6fdea9800,
0x000001f6fdea8ae0, 0x000001f6fdeac5f0, 0x000001f6fdeaa520, 0x000001f6fdea9170,
0x000001f6fdeae6c0, 0x000001f6fdeacc80, 0x000001f6fdeae030, 0x000001f6fdeaed50,
0x000001f6fdead310, 0x000001f6fdead9a0, 0x000001f6fdeaf3e0, 0x000001f6d44a6a60,
0x000001f6d44a70f0, 0x000001f6d44a4300, 0x000001f6d44a91c0, 0x000001f6d44a84a0,
0x000001f6d44a8b30, 0x000001f6d44a5d40, 0x000001f6d44aac00, 0x000001f6d44a9850,
0x000001f6d44ab290, 0x000001f6d414c170, 0x000001f6d414ef60, 0x000001f6d414fc80,
0x000001f6d4150310, 0x000001f6d414ce90, 0x000001f6d41509a0, 0x000001f6d414d520,
0x000001f6d4151030, 0x000001f6d414dbb0, 0x000001f6d41523e0, 0x000001f6d4152a70,
0x000001f6d4153790, 0x000001f6d49bc410, 0x000001f6d4153100, 0x000001f6d41516c0,
0x000001f6d4151d50, 0x000001f6d634f9a0, 0x000001f6d63506c0, 0x000001f6d63513e0,
0x000001f6d6352100, 0x000001f6d6350030, 0x000001f6d6350d50, 0x000001f6d6351a70,
0x000001f6d49bf3c0, 0x000001f6d634f310, 0x000001f6d6355580, 0x000001f6d6355c10,
0x000001f6d63534b0, 0x000001f6d6354860, 0x000001f6d63562a0, 0x000001f6d6352e20,
0x000001f6d6356930, 0x000001f6d6354ef0, 0x000001f6d6353b40, 0x000001f6fd3c18f0,
0x000001f6fd3c2ca0, 0x000001f6fd3c1260, 0x000001f6fd3c3330
}

Java Threads: ( => current thread )
  0x000001f6f0454da0 JavaThread "main"                              [_thread_blocked, id=2532, stack(0x000000413c500000,0x000000413c600000) (1024K)]
  0x000001f6f2a44630 JavaThread "Reference Handler"          daemon [_thread_blocked, id=30400, stack(0x000000413c900000,0x000000413ca00000) (1024K)]
  0x000001f6f2a481d0 JavaThread "Finalizer"                  daemon [_thread_blocked, id=26084, stack(0x000000413ca00000,0x000000413cb00000) (1024K)]
  0x000001f6f2a49590 JavaThread "Signal Dispatcher"          daemon [_thread_blocked, id=28176, stack(0x000000413cb00000,0x000000413cc00000) (1024K)]
  0x000001f6f2a4a1f0 JavaThread "Attach Listener"            daemon [_thread_blocked, id=23964, stack(0x000000413cc00000,0x000000413cd00000) (1024K)]
  0x000001f6f2a4de50 JavaThread "Service Thread"             daemon [_thread_blocked, id=29860, stack(0x000000413cd00000,0x000000413ce00000) (1024K)]
  0x000001f6fb7a3f60 JavaThread "Monitor Deflation Thread"   daemon [_thread_blocked, id=27748, stack(0x000000413ce00000,0x000000413cf00000) (1024K)]
  0x000001f6fb7a6b90 JavaThread "C2 CompilerThread0"         daemon [_thread_in_native, id=20644, stack(0x000000413cf00000,0x000000413d000000) (1024K)]
  0x000001f6fb7d78c0 JavaThread "C1 CompilerThread0"         daemon [_thread_blocked, id=29992, stack(0x000000413d000000,0x000000413d100000) (1024K)]
  0x000001f6fba94b90 JavaThread "Common-Cleaner"             daemon [_thread_blocked, id=18948, stack(0x000000413d200000,0x000000413d300000) (1024K)]
  0x000001f6fbaa90d0 JavaThread "Notification Thread"        daemon [_thread_blocked, id=23676, stack(0x000000413d100000,0x000000413d200000) (1024K)]
  0x000001f6fcb09790 JavaThread "Active Thread: Equinox Container: 8774ad85-be1b-4b0f-9a05-9ca45d904692"        [_thread_blocked, id=29520, stack(0x000000413d400000,0x000000413d500000) (1024K)]
  0x000001f6fcb06310 JavaThread "Refresh Thread: Equinox Container: 8774ad85-be1b-4b0f-9a05-9ca45d904692" daemon [_thread_blocked, id=30512, stack(0x000000413db00000,0x000000413dc00000) (1024K)]
  0x000001f6fcb09100 JavaThread "Framework Event Dispatcher: Equinox Container: 8774ad85-be1b-4b0f-9a05-9ca45d904692" daemon [_thread_blocked, id=20780, stack(0x000000413dc00000,0x000000413dd00000) (1024K)]
  0x000001f6fcb07030 JavaThread "Start Level: Equinox Container: 8774ad85-be1b-4b0f-9a05-9ca45d904692" daemon [_thread_blocked, id=18040, stack(0x000000413dd00000,0x000000413de00000) (1024K)]
  0x000001f6fcb08a70 JavaThread "Bundle File Closer"         daemon [_thread_blocked, id=18272, stack(0x000000413e200000,0x000000413e300000) (1024K)]
  0x000001f6fcb069a0 JavaThread "SCR Component Actor"        daemon [_thread_blocked, id=17016, stack(0x000000413de00000,0x000000413df00000) (1024K)]
  0x000001f6fcb083e0 JavaThread "Worker-JM"                         [_thread_blocked, id=17612, stack(0x000000413e400000,0x000000413e500000) (1024K)]
  0x000001f6fcb076c0 JavaThread "JNA Cleaner"                daemon [_thread_blocked, id=26876, stack(0x000000413e300000,0x000000413e400000) (1024K)]
  0x000001f6fcb07d50 JavaThread "Worker-0"                          [_thread_blocked, id=27180, stack(0x000000413e500000,0x000000413e600000) (1024K)]
  0x000001f6fdeaabb0 JavaThread "Worker-1: Initialize workspace"        [_thread_blocked, id=30148, stack(0x000000413e600000,0x000000413e700000) (1024K)]
  0x000001f6fdeab240 JavaThread "Worker-2: Java indexing... "        [_thread_blocked, id=11332, stack(0x000000413e800000,0x000000413e900000) (1024K)]
  0x000001f6fdea7dc0 JavaThread "Java indexing"              daemon [_thread_in_vm, id=14048, stack(0x000000413e900000,0x000000413ea00000) (1024K)]
  0x000001f6fdea9e90 JavaThread "Worker-3"                          [_thread_blocked, id=16044, stack(0x000000413ec00000,0x000000413ed00000) (1024K)]
  0x000001f6fdeab8d0 JavaThread "Worker-4"                          [_thread_blocked, id=26176, stack(0x000000413ed00000,0x000000413ee00000) (1024K)]
  0x000001f6fdea8450 JavaThread "Thread-1"                   daemon [_thread_in_native, id=1008, stack(0x000000413ee00000,0x000000413ef00000) (1024K)]
  0x000001f6fdeabf60 JavaThread "Thread-2"                   daemon [_thread_in_native, id=2456, stack(0x000000413ef00000,0x000000413f000000) (1024K)]
  0x000001f6fdea9800 JavaThread "Thread-3"                   daemon [_thread_in_native, id=17056, stack(0x000000413f000000,0x000000413f100000) (1024K)]
  0x000001f6fdea8ae0 JavaThread "Thread-4"                   daemon [_thread_in_native, id=4132, stack(0x000000413f100000,0x000000413f200000) (1024K)]
  0x000001f6fdeac5f0 JavaThread "Thread-5"                   daemon [_thread_in_native, id=20940, stack(0x000000413f200000,0x000000413f300000) (1024K)]
  0x000001f6fdeaa520 JavaThread "Thread-6"                   daemon [_thread_in_native, id=30280, stack(0x000000413f300000,0x000000413f400000) (1024K)]
  0x000001f6fdea9170 JavaThread "Thread-7"                   daemon [_thread_in_native, id=11576, stack(0x000000413f400000,0x000000413f500000) (1024K)]
  0x000001f6fdeae6c0 JavaThread "Thread-8"                   daemon [_thread_in_native, id=8004, stack(0x000000413f500000,0x000000413f600000) (1024K)]
  0x000001f6fdeacc80 JavaThread "Thread-9"                   daemon [_thread_in_native, id=26736, stack(0x000000413f600000,0x000000413f700000) (1024K)]
  0x000001f6fdeae030 JavaThread "Thread-10"                  daemon [_thread_in_native, id=12920, stack(0x000000413f700000,0x000000413f800000) (1024K)]
  0x000001f6fdeaed50 JavaThread "Thread-11"                  daemon [_thread_in_native, id=19200, stack(0x000000413f800000,0x000000413f900000) (1024K)]
  0x000001f6fdead310 JavaThread "Thread-12"                  daemon [_thread_in_native, id=20148, stack(0x000000413f900000,0x000000413fa00000) (1024K)]
  0x000001f6fdead9a0 JavaThread "Thread-13"                  daemon [_thread_in_native, id=4204, stack(0x000000413fa00000,0x000000413fb00000) (1024K)]
  0x000001f6fdeaf3e0 JavaThread "pool-2-thread-1"                   [_thread_blocked, id=4408, stack(0x000000413fb00000,0x000000413fc00000) (1024K)]
  0x000001f6d44a6a60 JavaThread "WorkspaceEventsHandler"            [_thread_blocked, id=3276, stack(0x000000413fc00000,0x000000413fd00000) (1024K)]
  0x000001f6d44a70f0 JavaThread "pool-1-thread-1"                   [_thread_blocked, id=8392, stack(0x000000413fd00000,0x000000413fe00000) (1024K)]
  0x000001f6d44a4300 JavaThread "Timer-0"                           [_thread_blocked, id=6416, stack(0x000000413df00000,0x000000413e000000) (1024K)]
  0x000001f6d44a91c0 JavaThread "ForkJoinPool.commonPool-worker-1" daemon [_thread_blocked, id=30160, stack(0x000000413e700000,0x000000413e800000) (1024K)]
  0x000001f6d44a84a0 JavaThread "ForkJoinPool.commonPool-worker-2" daemon [_thread_blocked, id=440, stack(0x000000413fe00000,0x000000413ff00000) (1024K)]
  0x000001f6d44a8b30 JavaThread "ForkJoinPool.commonPool-worker-3" daemon [_thread_blocked, id=17340, stack(0x0000004140100000,0x0000004140200000) (1024K)]
  0x000001f6d44a5d40 JavaThread "ForkJoinPool.commonPool-worker-4" daemon [_thread_blocked, id=28404, stack(0x0000004140200000,0x0000004140300000) (1024K)]
  0x000001f6d44aac00 JavaThread "ForkJoinPool.commonPool-worker-5" daemon [_thread_blocked, id=9980, stack(0x0000004140300000,0x0000004140400000) (1024K)]
  0x000001f6d44a9850 JavaThread "ForkJoinPool.commonPool-worker-6" daemon [_thread_blocked, id=23800, stack(0x0000004140400000,0x0000004140500000) (1024K)]
  0x000001f6d44ab290 JavaThread "PatternSearchJob-worker-1"  daemon [_thread_blocked, id=23856, stack(0x0000004140500000,0x0000004140600000) (1024K)]
  0x000001f6d414c170 JavaThread "Connection worker"                 [_thread_in_native, id=21632, stack(0x0000004140600000,0x0000004140700000) (1024K)]
  0x000001f6d414ef60 JavaThread "pool-4-thread-1"                   [_thread_blocked, id=27112, stack(0x0000004140700000,0x0000004140800000) (1024K)]
  0x000001f6d414fc80 JavaThread "PatternSearchJob-worker-2"  daemon [_thread_blocked, id=14080, stack(0x0000004140a00000,0x0000004140b00000) (1024K)]
  0x000001f6d4150310 JavaThread "PatternSearchJob-worker-4"  daemon [_thread_blocked, id=22768, stack(0x0000004140b00000,0x0000004140c00000) (1024K)]
  0x000001f6d414ce90 JavaThread "PatternSearchJob-worker-3"  daemon [_thread_blocked, id=19680, stack(0x0000004140c00000,0x0000004140d00000) (1024K)]
  0x000001f6d41509a0 JavaThread "PatternSearchJob-worker-5"  daemon [_thread_blocked, id=6088, stack(0x0000004140d00000,0x0000004140e00000) (1024K)]
  0x000001f6d414d520 JavaThread "PatternSearchJob-worker-6"  daemon [_thread_blocked, id=6784, stack(0x0000004140e00000,0x0000004140f00000) (1024K)]
  0x000001f6d4151030 JavaThread "PatternSearchJob-worker-7"  daemon [_thread_blocked, id=29624, stack(0x0000004140f00000,0x0000004141000000) (1024K)]
  0x000001f6d414dbb0 JavaThread "PatternSearchJob-worker-8"  daemon [_thread_blocked, id=16984, stack(0x0000004141000000,0x0000004141100000) (1024K)]
  0x000001f6d41523e0 JavaThread "PatternSearchJob-worker-9"  daemon [_thread_blocked, id=23736, stack(0x0000004141100000,0x0000004141200000) (1024K)]
  0x000001f6d4152a70 JavaThread "PatternSearchJob-worker-10" daemon [_thread_blocked, id=2548, stack(0x0000004141200000,0x0000004141300000) (1024K)]
  0x000001f6d4153790 JavaThread "PatternSearchJob-worker-11" daemon [_thread_blocked, id=28468, stack(0x0000004141300000,0x0000004141400000) (1024K)]
=>0x000001f6d49bc410 JavaThread "C2 CompilerThread1"         daemon [_thread_in_native, id=6048, stack(0x000000413ff00000,0x0000004140000000) (1024K)]
  0x000001f6d4153100 JavaThread "LocalFile Deleter"          daemon [_thread_blocked, id=24328, stack(0x0000004140000000,0x0000004140100000) (1024K)]
  0x000001f6d41516c0 JavaThread "LocalFile Deleter"          daemon [_thread_blocked, id=12976, stack(0x0000004141400000,0x0000004141500000) (1024K)]
  0x000001f6d4151d50 JavaThread "LocalFile Deleter"          daemon [_thread_blocked, id=18512, stack(0x0000004141500000,0x0000004141600000) (1024K)]
  0x000001f6d634f9a0 JavaThread "LocalFile Deleter"          daemon [_thread_blocked, id=26632, stack(0x0000004141600000,0x0000004141700000) (1024K)]
  0x000001f6d63506c0 JavaThread "LocalFile Deleter"          daemon [_thread_blocked, id=30240, stack(0x0000004141700000,0x0000004141800000) (1024K)]
  0x000001f6d63513e0 JavaThread "LocalFile Deleter"          daemon [_thread_blocked, id=6448, stack(0x0000004141800000,0x0000004141900000) (1024K)]
  0x000001f6d6352100 JavaThread "LocalFile Deleter"          daemon [_thread_blocked, id=2756, stack(0x0000004141900000,0x0000004141a00000) (1024K)]
  0x000001f6d6350030 JavaThread "LocalFile Deleter"          daemon [_thread_blocked, id=26300, stack(0x0000004141a00000,0x0000004141b00000) (1024K)]
  0x000001f6d6350d50 JavaThread "LocalFile Deleter"          daemon [_thread_blocked, id=30648, stack(0x0000004141b00000,0x0000004141c00000) (1024K)]
  0x000001f6d6351a70 JavaThread "LocalFile Deleter"          daemon [_thread_blocked, id=30104, stack(0x0000004141c00000,0x0000004141d00000) (1024K)]
  0x000001f6d49bf3c0 JavaThread "C2 CompilerThread2"         daemon [_thread_blocked, id=29740, stack(0x0000004141d00000,0x0000004141e00000) (1024K)]
  0x000001f6d634f310 JavaThread "Compiler Source File Reader" daemon [_thread_blocked, id=26244, stack(0x0000004141e00000,0x0000004141f00000) (1024K)]
  0x000001f6d6355580 JavaThread "Compiler Source File Reader" daemon [_thread_blocked, id=19012, stack(0x0000004141f00000,0x0000004142000000) (1024K)]
  0x000001f6d6355c10 JavaThread "Compiler Source File Reader" daemon [_thread_blocked, id=21792, stack(0x0000004142000000,0x0000004142100000) (1024K)]
  0x000001f6d63534b0 JavaThread "Compiler Source File Reader" daemon [_thread_blocked, id=25444, stack(0x0000004142100000,0x0000004142200000) (1024K)]
  0x000001f6d6354860 JavaThread "Compiler Source File Reader" daemon [_thread_blocked, id=21316, stack(0x0000004142200000,0x0000004142300000) (1024K)]
  0x000001f6d63562a0 JavaThread "Compiler Source File Reader" daemon [_thread_blocked, id=27388, stack(0x0000004142300000,0x0000004142400000) (1024K)]
  0x000001f6d6352e20 JavaThread "Compiler Source File Reader" daemon [_thread_blocked, id=30292, stack(0x0000004142400000,0x0000004142500000) (1024K)]
  0x000001f6d6356930 JavaThread "Compiler Source File Reader" daemon [_thread_blocked, id=24004, stack(0x0000004142500000,0x0000004142600000) (1024K)]
  0x000001f6d6354ef0 JavaThread "Compiler Source File Reader" daemon [_thread_blocked, id=24336, stack(0x0000004142600000,0x0000004142700000) (1024K)]
  0x000001f6d6353b40 JavaThread "Compiler Source File Reader" daemon [_thread_blocked, id=2420, stack(0x0000004142700000,0x0000004142800000) (1024K)]
  0x000001f6fd3c18f0 JavaThread "Compiler Processing Task"   daemon [_thread_blocked, id=20720, stack(0x0000004140900000,0x0000004140a00000) (1024K)]
  0x000001f6fd3c2ca0 JavaThread "Compiler Class File Writer" daemon [_thread_blocked, id=5692, stack(0x0000004142800000,0x0000004142900000) (1024K)]
  0x000001f6fd3c1260 JavaThread "Compiler Class File Writer" daemon [_thread_blocked, id=14208, stack(0x0000004142900000,0x0000004142a00000) (1024K)]
  0x000001f6fd3c3330 JavaThread "Compiler Class File Writer" daemon [_thread_blocked, id=30076, stack(0x0000004142a00000,0x0000004142b00000) (1024K)]
Total: 87

Other Threads:
  0x000001f6f2a323b0 VMThread "VM Thread"                           [id=28192, stack(0x000000413c800000,0x000000413c900000) (1024K)] _threads_hazard_ptr=0x000001f6fef453c0
  0x000001f6f292ca00 WatcherThread "VM Periodic Task Thread"        [id=24908, stack(0x000000413c700000,0x000000413c800000) (1024K)]
  0x000001f6f2ad4bd0 WorkerThread "GC Thread#0"                     [id=30248, stack(0x000000413c600000,0x000000413c700000) (1024K)]
  0x000001f6fcd223a0 WorkerThread "GC Thread#1"                     [id=17884, stack(0x000000413d500000,0x000000413d600000) (1024K)]
  0x000001f6fced6b60 WorkerThread "GC Thread#2"                     [id=24372, stack(0x000000413d600000,0x000000413d700000) (1024K)]
  0x000001f6fced6f10 WorkerThread "GC Thread#3"                     [id=29028, stack(0x000000413d700000,0x000000413d800000) (1024K)]
  0x000001f6fcf2e470 WorkerThread "GC Thread#4"                     [id=22304, stack(0x000000413d800000,0x000000413d900000) (1024K)]
  0x000001f6fcecc580 WorkerThread "GC Thread#5"                     [id=25180, stack(0x000000413d900000,0x000000413da00000) (1024K)]
  0x000001f6fcf2e820 WorkerThread "GC Thread#6"                     [id=24824, stack(0x000000413da00000,0x000000413db00000) (1024K)]
  0x000001f6fd010490 WorkerThread "GC Thread#7"                     [id=29808, stack(0x000000413d300000,0x000000413d400000) (1024K)]
  0x000001f6fd558a40 WorkerThread "GC Thread#8"                     [id=6412, stack(0x000000413e000000,0x000000413e100000) (1024K)]
  0x000001f6fd2f0790 WorkerThread "GC Thread#9"                     [id=8580, stack(0x000000413e100000,0x000000413e200000) (1024K)]
Total: 12

Threads with active compile tasks:
C2 CompilerThread0  44648 14150       4       org.eclipse.jdt.internal.compiler.lookup.BinaryTypeBinding::createMethod (1666 bytes)
C2 CompilerThread1  44648 14472       4       org.eclipse.jdt.internal.core.builder.NameEnvironment::findClass (486 bytes)
C2 CompilerThread2  44648 14748       4       org.eclipse.jdt.internal.core.builder.NameEnvironment::getModulesDeclaringPackage (336 bytes)
Total: 3

VM state: synchronizing (normal execution)

VM Mutex/Monitor currently owned by a thread:  ([mutex/lock_event])
[0x00007ffd897df570] Threads_lock - owner thread: 0x000001f6f2a323b0
[0x00007ffd897df670] Heap_lock - owner thread: 0x000001f6fdea7dc0

Heap address: 0x0000000080000000, size: 2048 MB, Compressed Oops mode: 32-bit

CDS archive(s) mapped at: [0x000001f68f000000-0x000001f68fba0000-0x000001f68fba0000), size 12189696, SharedBaseAddress: 0x000001f68f000000, ArchiveRelocationMode: 1.
Compressed class space mapped at: 0x000001f690000000-0x000001f6d0000000, reserved size: 1073741824
Narrow klass base: 0x000001f68f000000, Narrow klass shift: 0, Narrow klass range: 0x100000000

GC Precious Log:
 CardTable entry size: 512
 CPUs: 12 total, 12 available
 Memory: 16055M
 Large Page Support: Disabled
 NUMA Support: Disabled
 Compressed Oops: Enabled (32-bit)
 Alignments: Space 512K, Generation 512K, Heap 2M
 Heap Min Capacity: 100M
 Heap Initial Capacity: 100M
 Heap Max Capacity: 2G
 Pre-touch: Disabled
 Parallel Workers: 10

Heap:
 PSYoungGen      total 4608K, used 4224K [0x00000000d5580000, 0x00000000d5b80000, 0x0000000100000000)
  eden space 3584K, 100% used [0x00000000d5580000,0x00000000d5900000,0x00000000d5900000)
  from space 1024K, 62% used [0x00000000d5a80000,0x00000000d5b20000,0x00000000d5b80000)
  to   space 1024K, 0% used [0x00000000d5980000,0x00000000d5980000,0x00000000d5a80000)
 ParOldGen       total 317952K, used 317652K [0x0000000080000000, 0x0000000093680000, 0x00000000d5580000)
  object space 317952K, 99% used [0x0000000080000000,0x0000000093635248,0x0000000093680000)
 Metaspace       used 77565K, committed 79296K, reserved 1179648K
  class space    used 8770K, committed 9536K, reserved 1048576K

Card table byte_map: [0x000001f6f2440000,0x000001f6f2850000] _byte_map_base: 0x000001f6f2040000

Marking Bits: (ParMarkBitMap*) 0x00007ffd897e4460
 Begin Bits: [0x000001f6f5f50000, 0x000001f6f7f50000)
 End Bits:   [0x000001f6f7f50000, 0x000001f6f9f50000)

Polling page: 0x000001f6f0770000

Metaspace:

Usage:
  Non-class:     67.18 MB used.
      Class:      8.57 MB used.
       Both:     75.75 MB used.

Virtual space:
  Non-class space:      128.00 MB reserved,      68.12 MB ( 53%) committed,  2 nodes.
      Class space:        1.00 GB reserved,       9.31 MB ( <1%) committed,  1 nodes.
             Both:        1.12 GB reserved,      77.44 MB (  7%) committed. 

Chunk freelists:
   Non-Class:  11.39 MB
       Class:  6.63 MB
        Both:  18.02 MB

MaxMetaspaceSize: unlimited
CompressedClassSpaceSize: 1.00 GB
Initial GC threshold: 21.00 MB
Current GC threshold: 97.31 MB
CDS: on
 - commit_granule_bytes: 65536.
 - commit_granule_words: 8192.
 - virtual_space_node_default_size: 8388608.
 - enlarge_chunks_in_place: 1.
 - use_allocation_guard: 0.


Internal statistics:

num_allocs_failed_limit: 9.
num_arena_births: 1688.
num_arena_deaths: 14.
num_vsnodes_births: 3.
num_vsnodes_deaths: 0.
num_space_committed: 1239.
num_space_uncommitted: 0.
num_chunks_returned_to_freelist: 23.
num_chunks_taken_from_freelist: 5621.
num_chunk_merges: 12.
num_chunk_splits: 3337.
num_chunks_enlarged: 1736.
num_inconsistent_stats: 0.

CodeHeap 'non-profiled nmethods': size=120000Kb used=10828Kb max_used=10828Kb free=109171Kb
 bounds [0x000001f687ad0000, 0x000001f688570000, 0x000001f68f000000]
CodeHeap 'profiled nmethods': size=120000Kb used=32022Kb max_used=32022Kb free=87977Kb
 bounds [0x000001f680000000, 0x000001f681f50000, 0x000001f687530000]
CodeHeap 'non-nmethods': size=5760Kb used=1518Kb max_used=1541Kb free=4241Kb
 bounds [0x000001f687530000, 0x000001f6877a0000, 0x000001f687ad0000]
CodeCache: size=245760Kb, used=44368Kb, max_used=44391Kb, free=201389Kb
 total_blobs=14648, nmethods=13879, adapters=670, full_count=0
Compilation: enabled, stopped_count=0, restarted_count=0

Compilation events (20 events):
Event: 44.511 Thread 0x000001f6fb7d78c0 nmethod 14723 0x000001f681f24910 code [0x000001f681f24ae0, 0x000001f681f24da8]
Event: 44.511 Thread 0x000001f6fb7d78c0 14724       2       org.eclipse.jdt.internal.compiler.parser.Parser::checkForDiamond (80 bytes)
Event: 44.511 Thread 0x000001f6fb7d78c0 nmethod 14724 0x000001f681f24f10 code [0x000001f681f250c0, 0x000001f681f25378]
Event: 44.511 Thread 0x000001f6fb7d78c0 14725       2       org.eclipse.jdt.internal.compiler.parser.Parser::consumeEnterInstanceCreationArgumentList (1 bytes)
Event: 44.511 Thread 0x000001f6fb7d78c0 nmethod 14725 0x000001f681f25510 code [0x000001f681f256a0, 0x000001f681f257a8]
Event: 44.525 Thread 0x000001f6d49bf3c0 nmethod 14326 0x000001f68855f690 code [0x000001f68855f880, 0x000001f688560098]
Event: 44.525 Thread 0x000001f6d49bf3c0 14171       4       org.eclipse.jdt.internal.compiler.util.SortedCharArrays$$Lambda/0x000001f69092ac98::compare (12 bytes)
Event: 44.528 Thread 0x000001f6fb7d78c0 14730       1       org.eclipse.jdt.internal.compiler.env.ICompilationUnit::getExternalAnnotationPath (2 bytes)
Event: 44.528 Thread 0x000001f6fb7d78c0 nmethod 14730 0x000001f688560510 code [0x000001f6885606a0, 0x000001f688560770]
Event: 44.531 Thread 0x000001f6fb7d78c0 14731       2       org.eclipse.jdt.internal.compiler.lookup.TypeVariableBinding::getTypeBounds (100 bytes)
Event: 44.532 Thread 0x000001f6fb7d78c0 nmethod 14731 0x000001f681f25810 code [0x000001f681f25a00, 0x000001f681f25f40]
Event: 44.532 Thread 0x000001f6fb7d78c0 14732       2       org.eclipse.jdt.internal.compiler.lookup.InferenceContext18::getResultSubstitution (10 bytes)
Event: 44.532 Thread 0x000001f6fb7d78c0 nmethod 14732 0x000001f681f26290 code [0x000001f681f26420, 0x000001f681f265b0]
Event: 44.532 Thread 0x000001f6fb7d78c0 14733       2       org.eclipse.jdt.internal.compiler.lookup.InferenceContext18$3::<init> (15 bytes)
Event: 44.533 Thread 0x000001f6d49bf3c0 nmethod 14171 0x000001f688560810 code [0x000001f6885609a0, 0x000001f688560b80]
Event: 44.533 Thread 0x000001f6fb7d78c0 nmethod 14733 0x000001f681f26690 code [0x000001f681f26820, 0x000001f681f26950]
Event: 44.533 Thread 0x000001f6d49bf3c0 14444       4       java.util.Arrays::binarySearch (17 bytes)
Event: 44.533 Thread 0x000001f6fb7d78c0 14734       2       org.eclipse.core.internal.resources.Resource::isConflicting (155 bytes)
Event: 44.538 Thread 0x000001f6fb7d78c0 nmethod 14734 0x000001f681f26a10 code [0x000001f681f26c60, 0x000001f681f27340]
Event: 44.538 Thread 0x000001f6fb7d78c0 14735       2       org.eclipse.jdt.internal.compiler.flow.UnconditionalFlowInfo::unconditionalInits (2 bytes)

GC Heap History (20 events):
Event: 44.220 GC heap before
{Heap before GC invocations=490 (full 3):
 PSYoungGen      total 6656K, used 6539K [0x00000000d5580000, 0x00000000d5e00000, 0x0000000100000000)
  eden space 4608K, 100% used [0x00000000d5580000,0x00000000d5a00000,0x00000000d5a00000)
  from space 2048K, 94% used [0x00000000d5c00000,0x00000000d5de2fe8,0x00000000d5e00000)
  to   space 2048K, 0% used [0x00000000d5a00000,0x00000000d5a00000,0x00000000d5c00000)
 ParOldGen       total 311296K, used 311231K [0x0000000080000000, 0x0000000093000000, 0x00000000d5580000)
  object space 311296K, 99% used [0x0000000080000000,0x0000000092fefe50,0x0000000093000000)
 Metaspace       used 77147K, committed 78912K, reserved 1179648K
  class space    used 8707K, committed 9472K, reserved 1048576K
}
Event: 44.224 GC heap after
{Heap after GC invocations=490 (full 3):
 PSYoungGen      total 5120K, used 320K [0x00000000d5580000, 0x00000000d5c80000, 0x0000000100000000)
  eden space 4608K, 0% used [0x00000000d5580000,0x00000000d5580000,0x00000000d5a00000)
  from space 512K, 62% used [0x00000000d5a00000,0x00000000d5a50000,0x00000000d5a80000)
  to   space 1024K, 0% used [0x00000000d5b80000,0x00000000d5b80000,0x00000000d5c80000)
 ParOldGen       total 312320K, used 311927K [0x0000000080000000, 0x0000000093100000, 0x00000000d5580000)
  object space 312320K, 99% used [0x0000000080000000,0x000000009309de50,0x0000000093100000)
 Metaspace       used 77147K, committed 78912K, reserved 1179648K
  class space    used 8707K, committed 9472K, reserved 1048576K
}
Event: 44.247 GC heap before
{Heap before GC invocations=491 (full 3):
 PSYoungGen      total 5120K, used 4928K [0x00000000d5580000, 0x00000000d5c80000, 0x0000000100000000)
  eden space 4608K, 100% used [0x00000000d5580000,0x00000000d5a00000,0x00000000d5a00000)
  from space 512K, 62% used [0x00000000d5a00000,0x00000000d5a50000,0x00000000d5a80000)
  to   space 1024K, 0% used [0x00000000d5b80000,0x00000000d5b80000,0x00000000d5c80000)
 ParOldGen       total 312320K, used 311927K [0x0000000080000000, 0x0000000093100000, 0x00000000d5580000)
  object space 312320K, 99% used [0x0000000080000000,0x000000009309de50,0x0000000093100000)
 Metaspace       used 77154K, committed 78912K, reserved 1179648K
  class space    used 8707K, committed 9472K, reserved 1048576K
}
Event: 44.249 GC heap after
{Heap after GC invocations=491 (full 3):
 PSYoungGen      total 5632K, used 624K [0x00000000d5580000, 0x00000000d5c80000, 0x0000000100000000)
  eden space 4608K, 0% used [0x00000000d5580000,0x00000000d5580000,0x00000000d5a00000)
  from space 1024K, 60% used [0x00000000d5b80000,0x00000000d5c1c010,0x00000000d5c80000)
  to   space 1024K, 0% used [0x00000000d5a80000,0x00000000d5a80000,0x00000000d5b80000)
 ParOldGen       total 312320K, used 312007K [0x0000000080000000, 0x0000000093100000, 0x00000000d5580000)
  object space 312320K, 99% used [0x0000000080000000,0x00000000930b1e50,0x0000000093100000)
 Metaspace       used 77154K, committed 78912K, reserved 1179648K
  class space    used 8707K, committed 9472K, reserved 1048576K
}
Event: 44.300 GC heap before
{Heap before GC invocations=492 (full 3):
 PSYoungGen      total 5632K, used 5232K [0x00000000d5580000, 0x00000000d5c80000, 0x0000000100000000)
  eden space 4608K, 100% used [0x00000000d5580000,0x00000000d5a00000,0x00000000d5a00000)
  from space 1024K, 60% used [0x00000000d5b80000,0x00000000d5c1c010,0x00000000d5c80000)
  to   space 1024K, 0% used [0x00000000d5a80000,0x00000000d5a80000,0x00000000d5b80000)
 ParOldGen       total 312320K, used 312007K [0x0000000080000000, 0x0000000093100000, 0x00000000d5580000)
  object space 312320K, 99% used [0x0000000080000000,0x00000000930b1e70,0x0000000093100000)
 Metaspace       used 77174K, committed 78912K, reserved 1179648K
  class space    used 8709K, committed 9472K, reserved 1048576K
}
Event: 44.303 GC heap after
{Heap after GC invocations=492 (full 3):
 PSYoungGen      total 5632K, used 768K [0x00000000d5580000, 0x00000000d5c00000, 0x0000000100000000)
  eden space 4608K, 0% used [0x00000000d5580000,0x00000000d5580000,0x00000000d5a00000)
  from space 1024K, 75% used [0x00000000d5a80000,0x00000000d5b40000,0x00000000d5b80000)
  to   space 512K, 0% used [0x00000000d5b80000,0x00000000d5b80000,0x00000000d5c00000)
 ParOldGen       total 312832K, used 312460K [0x0000000080000000, 0x0000000093180000, 0x00000000d5580000)
  object space 312832K, 99% used [0x0000000080000000,0x0000000093123378,0x0000000093180000)
 Metaspace       used 77174K, committed 78912K, reserved 1179648K
  class space    used 8709K, committed 9472K, reserved 1048576K
}
Event: 44.347 GC heap before
{Heap before GC invocations=493 (full 3):
 PSYoungGen      total 5632K, used 5376K [0x00000000d5580000, 0x00000000d5c00000, 0x0000000100000000)
  eden space 4608K, 100% used [0x00000000d5580000,0x00000000d5a00000,0x00000000d5a00000)
  from space 1024K, 75% used [0x00000000d5a80000,0x00000000d5b40000,0x00000000d5b80000)
  to   space 512K, 0% used [0x00000000d5b80000,0x00000000d5b80000,0x00000000d5c00000)
 ParOldGen       total 312832K, used 312462K [0x0000000080000000, 0x0000000093180000, 0x00000000d5580000)
  object space 312832K, 99% used [0x0000000080000000,0x0000000093123af8,0x0000000093180000)
 Metaspace       used 77206K, committed 78912K, reserved 1179648K
  class space    used 8714K, committed 9472K, reserved 1048576K
}
Event: 44.351 GC heap after
{Heap after GC invocations=493 (full 3):
 PSYoungGen      total 5120K, used 512K [0x00000000d5580000, 0x00000000d5d00000, 0x0000000100000000)
  eden space 4608K, 0% used [0x00000000d5580000,0x00000000d5580000,0x00000000d5a00000)
  from space 512K, 100% used [0x00000000d5b80000,0x00000000d5c00000,0x00000000d5c00000)
  to   space 1536K, 0% used [0x00000000d5a00000,0x00000000d5a00000,0x00000000d5b80000)
 ParOldGen       total 313344K, used 313097K [0x0000000080000000, 0x0000000093200000, 0x00000000d5580000)
  object space 313344K, 99% used [0x0000000080000000,0x00000000931c2610,0x0000000093200000)
 Metaspace       used 77206K, committed 78912K, reserved 1179648K
  class space    used 8714K, committed 9472K, reserved 1048576K
}
Event: 44.391 GC heap before
{Heap before GC invocations=494 (full 3):
 PSYoungGen      total 5120K, used 5120K [0x00000000d5580000, 0x00000000d5d00000, 0x0000000100000000)
  eden space 4608K, 100% used [0x00000000d5580000,0x00000000d5a00000,0x00000000d5a00000)
  from space 512K, 100% used [0x00000000d5b80000,0x00000000d5c00000,0x00000000d5c00000)
  to   space 1536K, 0% used [0x00000000d5a00000,0x00000000d5a00000,0x00000000d5b80000)
 ParOldGen       total 313344K, used 313097K [0x0000000080000000, 0x0000000093200000, 0x00000000d5580000)
  object space 313344K, 99% used [0x0000000080000000,0x00000000931c2610,0x0000000093200000)
 Metaspace       used 77264K, committed 79040K, reserved 1179648K
  class space    used 8723K, committed 9536K, reserved 1048576K
}
Event: 44.396 GC heap after
{Heap after GC invocations=494 (full 3):
 PSYoungGen      total 5632K, used 688K [0x00000000d5580000, 0x00000000d5c00000, 0x0000000100000000)
  eden space 4608K, 0% used [0x00000000d5580000,0x00000000d5580000,0x00000000d5a00000)
  from space 1024K, 67% used [0x00000000d5a00000,0x00000000d5aac030,0x00000000d5b00000)
  to   space 1024K, 0% used [0x00000000d5b00000,0x00000000d5b00000,0x00000000d5c00000)
 ParOldGen       total 313856K, used 313548K [0x0000000080000000, 0x0000000093280000, 0x00000000d5580000)
  object space 313856K, 99% used [0x0000000080000000,0x0000000093233368,0x0000000093280000)
 Metaspace       used 77264K, committed 79040K, reserved 1179648K
  class space    used 8723K, committed 9536K, reserved 1048576K
}
Event: 44.448 GC heap before
{Heap before GC invocations=495 (full 3):
 PSYoungGen      total 5632K, used 5296K [0x00000000d5580000, 0x00000000d5c00000, 0x0000000100000000)
  eden space 4608K, 100% used [0x00000000d5580000,0x00000000d5a00000,0x00000000d5a00000)
  from space 1024K, 67% used [0x00000000d5a00000,0x00000000d5aac030,0x00000000d5b00000)
  to   space 1024K, 0% used [0x00000000d5b00000,0x00000000d5b00000,0x00000000d5c00000)
 ParOldGen       total 313856K, used 313548K [0x0000000080000000, 0x0000000093280000, 0x00000000d5580000)
  object space 313856K, 99% used [0x0000000080000000,0x0000000093233368,0x0000000093280000)
 Metaspace       used 77434K, committed 79232K, reserved 1179648K
  class space    used 8741K, committed 9536K, reserved 1048576K
}
Event: 44.451 GC heap after
{Heap after GC invocations=495 (full 3):
 PSYoungGen      total 4608K, used 1008K [0x00000000d5580000, 0x00000000d5e00000, 0x0000000100000000)
  eden space 3584K, 0% used [0x00000000d5580000,0x00000000d5580000,0x00000000d5900000)
  from space 1024K, 98% used [0x00000000d5b00000,0x00000000d5bfc010,0x00000000d5c00000)
  to   space 2048K, 0% used [0x00000000d5900000,0x00000000d5900000,0x00000000d5b00000)
 ParOldGen       total 314368K, used 314141K [0x0000000080000000, 0x0000000093300000, 0x00000000d5580000)
  object space 314368K, 99% used [0x0000000080000000,0x00000000932c7570,0x0000000093300000)
 Metaspace       used 77434K, committed 79232K, reserved 1179648K
  class space    used 8741K, committed 9536K, reserved 1048576K
}
Event: 44.468 GC heap before
{Heap before GC invocations=496 (full 3):
 PSYoungGen      total 4608K, used 4592K [0x00000000d5580000, 0x00000000d5e00000, 0x0000000100000000)
  eden space 3584K, 100% used [0x00000000d5580000,0x00000000d5900000,0x00000000d5900000)
  from space 1024K, 98% used [0x00000000d5b00000,0x00000000d5bfc010,0x00000000d5c00000)
  to   space 2048K, 0% used [0x00000000d5900000,0x00000000d5900000,0x00000000d5b00000)
 ParOldGen       total 314368K, used 314141K [0x0000000080000000, 0x0000000093300000, 0x00000000d5580000)
  object space 314368K, 99% used [0x0000000080000000,0x00000000932c7570,0x0000000093300000)
 Metaspace       used 77455K, committed 79232K, reserved 1179648K
  class space    used 8749K, committed 9536K, reserved 1048576K
}
Event: 44.472 GC heap after
{Heap after GC invocations=496 (full 3):
 PSYoungGen      total 5632K, used 1595K [0x00000000d5580000, 0x00000000d5d00000, 0x0000000100000000)
  eden space 3584K, 0% used [0x00000000d5580000,0x00000000d5580000,0x00000000d5900000)
  from space 2048K, 77% used [0x00000000d5900000,0x00000000d5a8efe8,0x00000000d5b00000)
  to   space 2048K, 0% used [0x00000000d5b00000,0x00000000d5b00000,0x00000000d5d00000)
 ParOldGen       total 315392K, used 315158K [0x0000000080000000, 0x0000000093400000, 0x00000000d5580000)
  object space 315392K, 99% used [0x0000000080000000,0x00000000933c5ae0,0x0000000093400000)
 Metaspace       used 77455K, committed 79232K, reserved 1179648K
  class space    used 8749K, committed 9536K, reserved 1048576K
}
Event: 44.485 GC heap before
{Heap before GC invocations=497 (full 3):
 PSYoungGen      total 5632K, used 5179K [0x00000000d5580000, 0x00000000d5d00000, 0x0000000100000000)
  eden space 3584K, 100% used [0x00000000d5580000,0x00000000d5900000,0x00000000d5900000)
  from space 2048K, 77% used [0x00000000d5900000,0x00000000d5a8efe8,0x00000000d5b00000)
  to   space 2048K, 0% used [0x00000000d5b00000,0x00000000d5b00000,0x00000000d5d00000)
 ParOldGen       total 315392K, used 315158K [0x0000000080000000, 0x0000000093400000, 0x00000000d5580000)
  object space 315392K, 99% used [0x0000000080000000,0x00000000933c5ae0,0x0000000093400000)
 Metaspace       used 77480K, committed 79232K, reserved 1179648K
  class space    used 8758K, committed 9536K, reserved 1048576K
}
Event: 44.488 GC heap after
{Heap after GC invocations=497 (full 3):
 PSYoungGen      total 4096K, used 256K [0x00000000d5580000, 0x00000000d5b80000, 0x0000000100000000)
  eden space 3584K, 0% used [0x00000000d5580000,0x00000000d5580000,0x00000000d5900000)
  from space 512K, 50% used [0x00000000d5b00000,0x00000000d5b40000,0x00000000d5b80000)
  to   space 1024K, 0% used [0x00000000d5980000,0x00000000d5980000,0x00000000d5a80000)
 ParOldGen       total 316416K, used 316262K [0x0000000080000000, 0x0000000093500000, 0x00000000d5580000)
  object space 316416K, 99% used [0x0000000080000000,0x00000000934d9af0,0x0000000093500000)
 Metaspace       used 77480K, committed 79232K, reserved 1179648K
  class space    used 8758K, committed 9536K, reserved 1048576K
}
Event: 44.502 GC heap before
{Heap before GC invocations=498 (full 3):
 PSYoungGen      total 4096K, used 3839K [0x00000000d5580000, 0x00000000d5b80000, 0x0000000100000000)
  eden space 3584K, 99% used [0x00000000d5580000,0x00000000d58fffc8,0x00000000d5900000)
  from space 512K, 50% used [0x00000000d5b00000,0x00000000d5b40000,0x00000000d5b80000)
  to   space 1024K, 0% used [0x00000000d5980000,0x00000000d5980000,0x00000000d5a80000)
 ParOldGen       total 316416K, used 316262K [0x0000000080000000, 0x0000000093500000, 0x00000000d5580000)
  object space 316416K, 99% used [0x0000000080000000,0x00000000934d9af0,0x0000000093500000)
 Metaspace       used 77529K, committed 79296K, reserved 1179648K
  class space    used 8769K, committed 9536K, reserved 1048576K
}
Event: 44.504 GC heap after
{Heap after GC invocations=498 (full 3):
 PSYoungGen      total 4608K, used 384K [0x00000000d5580000, 0x00000000d5b80000, 0x0000000100000000)
  eden space 3584K, 0% used [0x00000000d5580000,0x00000000d5580000,0x00000000d5900000)
  from space 1024K, 37% used [0x00000000d5980000,0x00000000d59e0000,0x00000000d5a80000)
  to   space 512K, 0% used [0x00000000d5b00000,0x00000000d5b00000,0x00000000d5b80000)
 ParOldGen       total 316416K, used 316342K [0x0000000080000000, 0x0000000093500000, 0x00000000d5580000)
  object space 316416K, 99% used [0x0000000080000000,0x00000000934edaf0,0x0000000093500000)
 Metaspace       used 77529K, committed 79296K, reserved 1179648K
  class space    used 8769K, committed 9536K, reserved 1048576K
}
Event: 44.535 GC heap before
{Heap before GC invocations=499 (full 3):
 PSYoungGen      total 4608K, used 3968K [0x00000000d5580000, 0x00000000d5b80000, 0x0000000100000000)
  eden space 3584K, 100% used [0x00000000d5580000,0x00000000d5900000,0x00000000d5900000)
  from space 1024K, 37% used [0x00000000d5980000,0x00000000d59e0000,0x00000000d5a80000)
  to   space 512K, 0% used [0x00000000d5b00000,0x00000000d5b00000,0x00000000d5b80000)
 ParOldGen       total 316416K, used 316342K [0x0000000080000000, 0x0000000093500000, 0x00000000d5580000)
  object space 316416K, 99% used [0x0000000080000000,0x00000000934edaf0,0x0000000093500000)
 Metaspace       used 77539K, committed 79296K, reserved 1179648K
  class space    used 8770K, committed 9536K, reserved 1048576K
}
Event: 44.537 GC heap after
{Heap after GC invocations=499 (full 3):
 PSYoungGen      total 4096K, used 512K [0x00000000d5580000, 0x00000000d5b80000, 0x0000000100000000)
  eden space 3584K, 0% used [0x00000000d5580000,0x00000000d5580000,0x00000000d5900000)
  from space 512K, 100% used [0x00000000d5b00000,0x00000000d5b80000,0x00000000d5b80000)
  to   space 1024K, 0% used [0x00000000d5980000,0x00000000d5980000,0x00000000d5a80000)
 ParOldGen       total 316928K, used 316574K [0x0000000080000000, 0x0000000093580000, 0x00000000d5580000)
  object space 316928K, 99% used [0x0000000080000000,0x0000000093527b00,0x0000000093580000)
 Metaspace       used 77539K, committed 79296K, reserved 1179648K
  class space    used 8770K, committed 9536K, reserved 1048576K
}

Dll operation events (15 events):
Event: 0.027 Loaded shared library c:\Users\danie\.vscode\extensions\redhat.java-1.55.0-win32-x64\jre\21.0.11-win32-x86_64\bin\java.dll
Event: 0.239 Loaded shared library c:\Users\danie\.vscode\extensions\redhat.java-1.55.0-win32-x64\jre\21.0.11-win32-x86_64\bin\zip.dll
Event: 0.297 Loaded shared library C:\Users\danie\.vscode\extensions\redhat.java-1.55.0-win32-x64\jre\21.0.11-win32-x86_64\bin\instrument.dll
Event: 0.310 Loaded shared library C:\Users\danie\.vscode\extensions\redhat.java-1.55.0-win32-x64\jre\21.0.11-win32-x86_64\bin\net.dll
Event: 0.317 Loaded shared library C:\Users\danie\.vscode\extensions\redhat.java-1.55.0-win32-x64\jre\21.0.11-win32-x86_64\bin\nio.dll
Event: 0.326 Loaded shared library C:\Users\danie\.vscode\extensions\redhat.java-1.55.0-win32-x64\jre\21.0.11-win32-x86_64\bin\zip.dll
Event: 0.384 Loaded shared library C:\Users\danie\.vscode\extensions\redhat.java-1.55.0-win32-x64\jre\21.0.11-win32-x86_64\bin\jimage.dll
Event: 0.596 Loaded shared library c:\Users\danie\.vscode\extensions\redhat.java-1.55.0-win32-x64\jre\21.0.11-win32-x86_64\bin\verify.dll
Event: 3.316 Loaded shared library C:\Users\danie\AppData\Roaming\Code\User\globalStorage\redhat.java\1.55.0\config_win\org.eclipse.equinox.launcher\org.eclipse.equinox.launcher.win32.win32.x86_64_1.3.100.v20260613-0559\eclipse_11924.dll
Event: 7.799 Loaded shared library C:\Users\danie\AppData\Local\Temp\jna-95350893\jna15002575258519336747.dll
Event: 21.181 Loaded shared library C:\Users\danie\.gradle\native\1def1411415f61bf3af743bc5b6707747c0891f09f0c88961ee8f79bc544acac\windows-amd64\native-platform.dll
Event: 25.230 Loaded shared library C:\Users\danie\.vscode\extensions\redhat.java-1.55.0-win32-x64\jre\21.0.11-win32-x86_64\bin\management.dll
Event: 25.238 Loaded shared library C:\Users\danie\.vscode\extensions\redhat.java-1.55.0-win32-x64\jre\21.0.11-win32-x86_64\bin\management_ext.dll
Event: 33.344 Loaded shared library C:\Users\danie\.vscode\extensions\redhat.java-1.55.0-win32-x64\jre\21.0.11-win32-x86_64\bin\extnet.dll
Event: 43.124 Loaded shared library C:\Users\danie\.vscode\extensions\redhat.java-1.55.0-win32-x64\jre\21.0.11-win32-x86_64\bin\sunmscapi.dll

Deoptimization events (20 events):
Event: 44.484 Thread 0x000001f6fd3c18f0 Uncommon trap: trap_request=0xffffffde fr.pc=0x000001f688550fb8 relative=0x0000000000004018
Event: 44.484 Thread 0x000001f6fd3c18f0 Uncommon trap: reason=class_check action=maybe_recompile pc=0x000001f688550fb8 method=org.eclipse.jdt.internal.compiler.lookup.LookupEnvironment.computePackageFrom([[CZ)Lorg/eclipse/jdt/internal/compiler/lookup/PackageBinding; @ 306 c2
Event: 44.484 Thread 0x000001f6fd3c18f0 DEOPT PACKING pc=0x000001f688550fb8 sp=0x00000041409fd910
Event: 44.484 Thread 0x000001f6fd3c18f0 DEOPT UNPACKING pc=0x000001f687583aa2 sp=0x00000041409fd898 mode 2
Event: 44.528 Thread 0x000001f6fd3c18f0 Uncommon trap: trap_request=0xffffffbe fr.pc=0x000001f68855f2a8 relative=0x0000000000000448
Event: 44.528 Thread 0x000001f6fd3c18f0 Uncommon trap: reason=profile_predicate action=maybe_recompile pc=0x000001f68855f2a8 method=java.util.TimSort.reverseRange([Ljava/lang/Object;II)V @ 5 c2
Event: 44.528 Thread 0x000001f6fd3c18f0 DEOPT PACKING pc=0x000001f68855f2a8 sp=0x00000041409fe2e0
Event: 44.528 Thread 0x000001f6fd3c18f0 DEOPT UNPACKING pc=0x000001f687583aa2 sp=0x00000041409fe1f8 mode 2
Event: 44.529 Thread 0x000001f6fd3c18f0 Uncommon trap: trap_request=0xffffffbe fr.pc=0x000001f68855f2a8 relative=0x0000000000000448
Event: 44.529 Thread 0x000001f6fd3c18f0 Uncommon trap: reason=profile_predicate action=maybe_recompile pc=0x000001f68855f2a8 method=java.util.TimSort.reverseRange([Ljava/lang/Object;II)V @ 5 c2
Event: 44.529 Thread 0x000001f6fd3c18f0 DEOPT PACKING pc=0x000001f68855f2a8 sp=0x00000041409fdff0
Event: 44.529 Thread 0x000001f6fd3c18f0 DEOPT UNPACKING pc=0x000001f687583aa2 sp=0x00000041409fdf08 mode 2
Event: 44.529 Thread 0x000001f6fd3c18f0 Uncommon trap: trap_request=0xffffffbe fr.pc=0x000001f68855f2a8 relative=0x0000000000000448
Event: 44.529 Thread 0x000001f6fd3c18f0 Uncommon trap: reason=profile_predicate action=maybe_recompile pc=0x000001f68855f2a8 method=java.util.TimSort.reverseRange([Ljava/lang/Object;II)V @ 5 c2
Event: 44.529 Thread 0x000001f6fd3c18f0 DEOPT PACKING pc=0x000001f68855f2a8 sp=0x00000041409fdff0
Event: 44.529 Thread 0x000001f6fd3c18f0 DEOPT UNPACKING pc=0x000001f687583aa2 sp=0x00000041409fdf08 mode 2
Event: 44.529 Thread 0x000001f6fd3c18f0 Uncommon trap: trap_request=0xffffffbe fr.pc=0x000001f68855f2a8 relative=0x0000000000000448
Event: 44.530 Thread 0x000001f6fd3c18f0 Uncommon trap: reason=profile_predicate action=maybe_recompile pc=0x000001f68855f2a8 method=java.util.TimSort.reverseRange([Ljava/lang/Object;II)V @ 5 c2
Event: 44.530 Thread 0x000001f6fd3c18f0 DEOPT PACKING pc=0x000001f68855f2a8 sp=0x00000041409fdff0
Event: 44.530 Thread 0x000001f6fd3c18f0 DEOPT UNPACKING pc=0x000001f687583aa2 sp=0x00000041409fdf08 mode 2

Classes loaded (20 events):
Event: 43.199 Loading class java/nio/channels/Pipe$SinkChannel done
Event: 43.199 Loading class sun/nio/ch/SinkChannelImpl done
Event: 43.206 Loading class sun/nio/ch/SelectionKeyImpl
Event: 43.207 Loading class java/nio/channels/spi/AbstractSelectionKey
Event: 43.207 Loading class java/nio/channels/SelectionKey
Event: 43.207 Loading class java/nio/channels/SelectionKey done
Event: 43.207 Loading class java/nio/channels/spi/AbstractSelectionKey done
Event: 43.208 Loading class sun/nio/ch/SelectionKeyImpl done
Event: 43.208 Loading class java/lang/invoke/ConstantBootstraps
Event: 43.209 Loading class java/lang/invoke/ConstantBootstraps done
Event: 43.261 Loading class java/nio/channels/spi/AbstractSelector$1
Event: 43.261 Loading class java/nio/channels/spi/AbstractSelector$1 done
Event: 43.445 Loading class java/util/concurrent/Executors$AutoShutdownDelegatedExecutorService
Event: 43.445 Loading class java/util/concurrent/Executors$AutoShutdownDelegatedExecutorService done
Event: 44.316 Loading class jdk/internal/module/IllegalAccessLogger
Event: 44.316 Loading class jdk/internal/module/IllegalAccessLogger done
Event: 44.481 Loading class java/util/Hashtable$ValueCollection
Event: 44.481 Loading class java/util/Hashtable$ValueCollection done
Event: 44.494 Loading class java/util/concurrent/ConcurrentHashMap$KeySpliterator
Event: 44.495 Loading class java/util/concurrent/ConcurrentHashMap$KeySpliterator done

Classes unloaded (7 events):
Event: 9.233 Thread 0x000001f6f2a323b0 Unloading class 0x000001f6901ad400 'java/lang/invoke/LambdaForm$MH+0x000001f6901ad400'
Event: 9.233 Thread 0x000001f6f2a323b0 Unloading class 0x000001f6901ad000 'java/lang/invoke/LambdaForm$MH+0x000001f6901ad000'
Event: 9.233 Thread 0x000001f6f2a323b0 Unloading class 0x000001f6901acc00 'java/lang/invoke/LambdaForm$MH+0x000001f6901acc00'
Event: 9.233 Thread 0x000001f6f2a323b0 Unloading class 0x000001f6901ac800 'java/lang/invoke/LambdaForm$MH+0x000001f6901ac800'
Event: 9.233 Thread 0x000001f6f2a323b0 Unloading class 0x000001f6901ac400 'java/lang/invoke/LambdaForm$BMH+0x000001f6901ac400'
Event: 9.233 Thread 0x000001f6f2a323b0 Unloading class 0x000001f6901ac000 'java/lang/invoke/LambdaForm$DMH+0x000001f6901ac000'
Event: 9.233 Thread 0x000001f6f2a323b0 Unloading class 0x000001f6901aac00 'java/lang/invoke/LambdaForm$DMH+0x000001f6901aac00'

Classes redefined (0 events):
No events

Internal exceptions (20 events):
Event: 40.312 Thread 0x000001f6d63513e0 Exception <a 'sun/nio/fs/WindowsException'{0x00000000d578d278}> (0x00000000d578d278) 
thrown [s\src\hotspot\share\prims\jni.cpp, line 520]
Event: 40.350 Thread 0x000001f6d44a5d40 Exception <a 'java/lang/NoSuchMethodError'{0x00000000d558cd00}: 'java.lang.Object java.lang.invoke.DirectMethodHandle$Holder.newInvokeSpecial(java.lang.Object, java.lang.Object, int, java.lang.Object, java.lang.Object)'> (0x00000000d558cd00) 
thrown [s\src\hotspot\share\interpreter\linkResolver.cpp, line 773]
Event: 40.357 Thread 0x000001f6d44a5d40 Exception <a 'java/lang/NoSuchMethodError'{0x00000000d55a9cd8}: 'java.lang.Object java.lang.invoke.DirectMethodHandle$Holder.invokeSpecial(java.lang.Object, java.lang.Object, java.lang.Object, int, java.lang.Object, java.lang.Object, java.lang.Object)'> (0x00000000d55a9cd8) 
thrown [s\src\hotspot\share\interpreter\linkResolver.cpp, line 773]
Event: 40.396 Thread 0x000001f6d44a5d40 Exception <a 'java/lang/NoSuchMethodError'{0x00000000d5632138}: 'void java.lang.invoke.DirectMethodHandle$Holder.invokeStatic(java.lang.Object, int)'> (0x00000000d5632138) 
thrown [s\src\hotspot\share\interpreter\linkResolver.cpp, line 773]
Event: 40.601 Thread 0x000001f6d44a5d40 Exception <a 'java/io/FileNotFoundException'{0x00000000d5597070}> (0x00000000d5597070) 
thrown [s\src\hotspot\share\prims\jni.cpp, line 520]
Event: 40.602 Thread 0x000001f6d44a5d40 Exception <a 'java/io/FileNotFoundException'{0x00000000d5598568}> (0x00000000d5598568) 
thrown [s\src\hotspot\share\prims\jni.cpp, line 520]
Event: 40.602 Thread 0x000001f6d44a5d40 Exception <a 'java/io/FileNotFoundException'{0x00000000d5599930}> (0x00000000d5599930) 
thrown [s\src\hotspot\share\prims\jni.cpp, line 520]
Event: 40.635 Thread 0x000001f6d44a5d40 Exception <a 'java/lang/NoSuchMethodError'{0x00000000d5628480}: 'java.lang.Object java.lang.invoke.DirectMethodHandle$Holder.newInvokeSpecial(java.lang.Object, java.lang.Object, java.lang.Object, java.lang.Object, java.lang.Object, java.lang.Object, java.lang.Object, java.lang.Object)'> (0x00000000d5628480) 
thrown [s\src\hotspot\share\interpreter\linkResolver.cpp, line 773]
Event: 41.031 Thread 0x000001f6d44a5d40 Exception <a 'sun/nio/fs/WindowsException'{0x00000000d55975a0}> (0x00000000d55975a0) 
thrown [s\src\hotspot\share\prims\jni.cpp, line 520]
Event: 41.032 Thread 0x000001f6d44a5d40 Exception <a 'sun/nio/fs/WindowsException'{0x00000000d5598350}> (0x00000000d5598350) 
thrown [s\src\hotspot\share\prims\jni.cpp, line 520]
Event: 41.118 Thread 0x000001f6d44a5d40 Exception <a 'sun/nio/fs/WindowsException'{0x00000000d5637f90}> (0x00000000d5637f90) 
thrown [s\src\hotspot\share\prims\jni.cpp, line 520]
Event: 41.119 Thread 0x000001f6d44a5d40 Exception <a 'sun/nio/fs/WindowsException'{0x00000000d5638ce0}> (0x00000000d5638ce0) 
thrown [s\src\hotspot\share\prims\jni.cpp, line 520]
Event: 41.216 Thread 0x000001f6d44a5d40 Exception <a 'sun/nio/fs/WindowsException'{0x00000000d5592df0}> (0x00000000d5592df0) 
thrown [s\src\hotspot\share\prims\jni.cpp, line 520]
Event: 41.216 Thread 0x000001f6d44a5d40 Exception <a 'sun/nio/fs/WindowsException'{0x00000000d55936d0}> (0x00000000d55936d0) 
thrown [s\src\hotspot\share\prims\jni.cpp, line 520]
Event: 42.009 Thread 0x000001f6d44a91c0 Implicit null exception at 0x000001f6884936ec to 0x000001f6884962f4
Event: 42.113 Thread 0x000001f6fdea7dc0 Exception <a 'sun/nio/fs/WindowsException'{0x00000000d5707500}> (0x00000000d5707500) 
thrown [s\src\hotspot\share\prims\jni.cpp, line 520]
Event: 43.233 Thread 0x000001f6d414c170 Exception <a 'java/lang/NoSuchMethodError'{0x00000000d5687090}: 'void java.lang.invoke.DirectMethodHandle$Holder.invokeInterface(java.lang.Object, java.lang.Object, java.lang.Object, java.lang.Object)'> (0x00000000d5687090) 
thrown [s\src\hotspot\share\interpreter\linkResolver.cpp, line 773]
Event: 44.410 Thread 0x000001f6fd3c18f0 Exception <a 'java/lang/NoSuchMethodError'{0x00000000d56e3910}: 'void java.lang.invoke.DirectMethodHandle$Holder.invokeStatic(java.lang.Object, int, java.lang.Object)'> (0x00000000d56e3910) 
thrown [s\src\hotspot\share\interpreter\linkResolver.cpp, line 773]
Event: 44.492 Thread 0x000001f6fd3c18f0 Exception <a 'java/lang/NoSuchMethodError'{0x00000000d56c87e8}: 'java.lang.Object java.lang.invoke.DirectMethodHandle$Holder.newInvokeSpecial(java.lang.Object, int, java.lang.Object, java.lang.Object, java.lang.Object)'> (0x00000000d56c87e8) 
thrown [s\src\hotspot\share\interpreter\linkResolver.cpp, line 773]
Event: 44.499 Thread 0x000001f6d44a5d40 Exception <a 'java/lang/NoSuchMethodError'{0x00000000d58a6c08}: 'java.lang.Object java.lang.invoke.DirectMethodHandle$Holder.newInvokeSpecial(java.lang.Object, java.lang.Object, int, int, java.lang.Object)'> (0x00000000d58a6c08) 
thrown [s\src\hotspot\share\interpreter\linkResolver.cpp, line 773]

ZGC Phase Switch (0 events):
No events

VM Operations (20 events):
Event: 44.247 Executing safepoint VM operation: ParallelGCFailedAllocation (Allocation Failure)
Event: 44.249 Executing safepoint VM operation: ParallelGCFailedAllocation (Allocation Failure) done
Event: 44.300 Executing safepoint VM operation: ParallelGCFailedAllocation (Allocation Failure)
Event: 44.300 Executing safepoint VM operation: ParallelGCFailedAllocation (Allocation Failure) done
Event: 44.300 Executing safepoint VM operation: ParallelGCSystemGC (GCLocker Initiated GC)
Event: 44.303 Executing safepoint VM operation: ParallelGCSystemGC (GCLocker Initiated GC) done
Event: 44.347 Executing safepoint VM operation: ParallelGCFailedAllocation (Allocation Failure)
Event: 44.351 Executing safepoint VM operation: ParallelGCFailedAllocation (Allocation Failure) done
Event: 44.391 Executing safepoint VM operation: ParallelGCFailedAllocation (Allocation Failure)
Event: 44.396 Executing safepoint VM operation: ParallelGCFailedAllocation (Allocation Failure) done
Event: 44.448 Executing safepoint VM operation: ParallelGCFailedAllocation (Allocation Failure)
Event: 44.451 Executing safepoint VM operation: ParallelGCFailedAllocation (Allocation Failure) done
Event: 44.467 Executing safepoint VM operation: ParallelGCFailedAllocation (Allocation Failure)
Event: 44.472 Executing safepoint VM operation: ParallelGCFailedAllocation (Allocation Failure) done
Event: 44.485 Executing safepoint VM operation: ParallelGCFailedAllocation (Allocation Failure)
Event: 44.488 Executing safepoint VM operation: ParallelGCFailedAllocation (Allocation Failure) done
Event: 44.501 Executing safepoint VM operation: ParallelGCFailedAllocation (Allocation Failure)
Event: 44.504 Executing safepoint VM operation: ParallelGCFailedAllocation (Allocation Failure) done
Event: 44.534 Executing safepoint VM operation: ParallelGCFailedAllocation (Allocation Failure)
Event: 44.537 Executing safepoint VM operation: ParallelGCFailedAllocation (Allocation Failure) done

Memory protections (0 events):
No events

Nmethod flushes (20 events):
Event: 24.335 Thread 0x000001f6f2a323b0 flushing  nmethod 0x000001f68092cb90
Event: 24.335 Thread 0x000001f6f2a323b0 flushing  nmethod 0x000001f68092d010
Event: 24.335 Thread 0x000001f6f2a323b0 flushing  nmethod 0x000001f68092d410
Event: 24.335 Thread 0x000001f6f2a323b0 flushing  nmethod 0x000001f68092d890
Event: 24.335 Thread 0x000001f6f2a323b0 flushing  nmethod 0x000001f68092fa10
Event: 24.335 Thread 0x000001f6f2a323b0 flushing  nmethod 0x000001f680930110
Event: 24.335 Thread 0x000001f6f2a323b0 flushing  nmethod 0x000001f680937010
Event: 24.335 Thread 0x000001f6f2a323b0 flushing  nmethod 0x000001f680939590
Event: 24.335 Thread 0x000001f6f2a323b0 flushing  nmethod 0x000001f680939a10
Event: 24.335 Thread 0x000001f6f2a323b0 flushing  nmethod 0x000001f680939e10
Event: 24.335 Thread 0x000001f6f2a323b0 flushing  nmethod 0x000001f68093b090
Event: 24.335 Thread 0x000001f6f2a323b0 flushing  nmethod 0x000001f68093b490
Event: 24.335 Thread 0x000001f6f2a323b0 flushing  nmethod 0x000001f68093b910
Event: 24.335 Thread 0x000001f6f2a323b0 flushing  nmethod 0x000001f68093bf10
Event: 24.335 Thread 0x000001f6f2a323b0 flushing  nmethod 0x000001f68093c310
Event: 24.335 Thread 0x000001f6f2a323b0 flushing  nmethod 0x000001f68093c910
Event: 24.335 Thread 0x000001f6f2a323b0 flushing  nmethod 0x000001f680954b90
Event: 24.335 Thread 0x000001f6f2a323b0 flushing  nmethod 0x000001f680966210
Event: 24.335 Thread 0x000001f6f2a323b0 flushing  nmethod 0x000001f680968a10
Event: 24.335 Thread 0x000001f6f2a323b0 flushing  nmethod 0x000001f6809a7a90

Events (20 events):
Event: 40.293 Thread 0x000001f6d4153100 Thread added: 0x000001f6d6352100
Event: 40.294 Thread 0x000001f6d634f9a0 Thread added: 0x000001f6d6350030
Event: 40.294 Thread 0x000001f6d63513e0 Thread added: 0x000001f6d6350d50
Event: 40.294 Thread 0x000001f6d4153100 Thread added: 0x000001f6d6351a70
Event: 40.399 Thread 0x000001f6fb7d78c0 Thread added: 0x000001f6d49bf3c0
Event: 41.477 Thread 0x000001f6d44a5d40 Thread added: 0x000001f6d634f310
Event: 41.478 Thread 0x000001f6d44a5d40 Thread added: 0x000001f6d6355580
Event: 41.478 Thread 0x000001f6d44a5d40 Thread added: 0x000001f6d6355c10
Event: 41.478 Thread 0x000001f6d44a5d40 Thread added: 0x000001f6d63534b0
Event: 41.479 Thread 0x000001f6d44a5d40 Thread added: 0x000001f6d6354860
Event: 41.479 Thread 0x000001f6d44a5d40 Thread added: 0x000001f6d63562a0
Event: 41.479 Thread 0x000001f6d44a5d40 Thread added: 0x000001f6d6352e20
Event: 41.479 Thread 0x000001f6d44a5d40 Thread added: 0x000001f6d6356930
Event: 41.480 Thread 0x000001f6d44a5d40 Thread added: 0x000001f6d6354ef0
Event: 41.480 Thread 0x000001f6d44a5d40 Thread added: 0x000001f6d6353b40
Event: 42.971 Thread 0x000001f6d414e240 Thread exited: 0x000001f6d414e240
Event: 42.971 Thread 0x000001f6d414f5f0 Thread exited: 0x000001f6d414f5f0
Event: 44.360 Thread 0x000001f6d44a5d40 Thread added: 0x000001f6fd3c18f0
Event: 44.506 Thread 0x000001f6d44a5d40 Thread added: 0x000001f6fd3c2ca0
Event: 44.533 Thread 0x000001f6d44a5d40 Thread added: 0x000001f6fd3c1260


Dynamic libraries:
0x00007ff621890000 - 0x00007ff62189e000 	c:\Users\danie\.vscode\extensions\redhat.java-1.55.0-win32-x64\jre\21.0.11-win32-x86_64\bin\java.exe
0x00007ffe763c0000 - 0x00007ffe76626000 	C:\WINDOWS\SYSTEM32\ntdll.dll
0x00007ffe74bc0000 - 0x00007ffe74c89000 	C:\WINDOWS\System32\KERNEL32.DLL
0x00007ffe737b0000 - 0x00007ffe73baa000 	C:\WINDOWS\System32\KERNELBASE.dll
0x00007ffe73d30000 - 0x00007ffe73e7c000 	C:\WINDOWS\System32\ucrtbase.dll
0x00007ffe6b8c0000 - 0x00007ffe6b8d8000 	c:\Users\danie\.vscode\extensions\redhat.java-1.55.0-win32-x64\jre\21.0.11-win32-x86_64\bin\jli.dll
0x00007ffe741c0000 - 0x00007ffe74387000 	C:\WINDOWS\System32\USER32.dll
0x00007ffe73c70000 - 0x00007ffe73c97000 	C:\WINDOWS\System32\win32u.dll
0x00007ffe75cf0000 - 0x00007ffe75d1b000 	C:\WINDOWS\System32\GDI32.dll
0x00007ffe73e80000 - 0x00007ffe73fab000 	C:\WINDOWS\System32\gdi32full.dll
0x00007ffe73700000 - 0x00007ffe737a3000 	C:\WINDOWS\System32\msvcp_win.dll
0x00007ffe6b8e0000 - 0x00007ffe6b8fe000 	c:\Users\danie\.vscode\extensions\redhat.java-1.55.0-win32-x64\jre\21.0.11-win32-x86_64\bin\VCRUNTIME140.dll
0x00007ffe4f750000 - 0x00007ffe4f9e2000 	C:\WINDOWS\WinSxS\amd64_microsoft.windows.common-controls_6595b64144ccf1df_6.0.26100.8521_none_3e08b75ce33403b3\COMCTL32.dll
0x00007ffe75d30000 - 0x00007ffe75dd9000 	C:\WINDOWS\System32\msvcrt.dll
0x00007ffe749a0000 - 0x00007ffe749d2000 	C:\WINDOWS\System32\IMM32.DLL
0x00007ffe34ea0000 - 0x00007ffe34f92000 	C:\Program Files\Windhawk\Engine\1.6\64\windhawk.dll
0x00007ffe75390000 - 0x00007ffe75446000 	C:\WINDOWS\System32\ADVAPI32.dll
0x00007ffe743c0000 - 0x00007ffe7446a000 	C:\WINDOWS\System32\sechost.dll
0x00007ffe75200000 - 0x00007ffe75318000 	C:\WINDOWS\System32\RPCRT4.dll
0x00007ffe6b8b0000 - 0x00007ffe6b8bc000 	c:\Users\danie\.vscode\extensions\redhat.java-1.55.0-win32-x64\jre\21.0.11-win32-x86_64\bin\vcruntime140_1.dll
0x00007ffe6b820000 - 0x00007ffe6b8ad000 	c:\Users\danie\.vscode\extensions\redhat.java-1.55.0-win32-x64\jre\21.0.11-win32-x86_64\bin\msvcp140.dll
0x00007ffd88b20000 - 0x00007ffd898c2000 	c:\Users\danie\.vscode\extensions\redhat.java-1.55.0-win32-x64\jre\21.0.11-win32-x86_64\bin\server\jvm.dll
0x00007ffe748f0000 - 0x00007ffe74970000 	C:\WINDOWS\System32\WS2_32.dll
0x00007ffe67510000 - 0x00007ffe67546000 	C:\WINDOWS\SYSTEM32\WINMM.dll
0x00007ffe734b0000 - 0x00007ffe7350e000 	C:\WINDOWS\SYSTEM32\POWRPROF.dll
0x00007ffe5f700000 - 0x00007ffe5f70b000 	C:\WINDOWS\SYSTEM32\VERSION.dll
0x00007ffe73490000 - 0x00007ffe734a4000 	C:\WINDOWS\SYSTEM32\UMPDC.dll
0x00007ffe723e0000 - 0x00007ffe723fb000 	C:\WINDOWS\SYSTEM32\kernel.appcore.dll
0x00007ffe6b7c0000 - 0x00007ffe6b7ca000 	c:\Users\danie\.vscode\extensions\redhat.java-1.55.0-win32-x64\jre\21.0.11-win32-x86_64\bin\jimage.dll
0x00007ffe70cd0000 - 0x00007ffe70f12000 	C:\WINDOWS\SYSTEM32\DBGHELP.DLL
0x00007ffe75ee0000 - 0x00007ffe76263000 	C:\WINDOWS\System32\combase.dll
0x00007ffe75120000 - 0x00007ffe751f9000 	C:\WINDOWS\System32\OLEAUT32.dll
0x00007ffe5e7f0000 - 0x00007ffe5e82b000 	C:\WINDOWS\SYSTEM32\dbgcore.DLL
0x000001f6f07a0000 - 0x000001f6f0848000 	C:\WINDOWS\System32\bcryptPrimitives.dll
0x00007ffe5b330000 - 0x00007ffe5b33f000 	c:\Users\danie\.vscode\extensions\redhat.java-1.55.0-win32-x64\jre\21.0.11-win32-x86_64\bin\instrument.dll
0x00007ffe6b7a0000 - 0x00007ffe6b7c0000 	c:\Users\danie\.vscode\extensions\redhat.java-1.55.0-win32-x64\jre\21.0.11-win32-x86_64\bin\java.dll
0x00007ffe75550000 - 0x00007ffe75cd4000 	C:\WINDOWS\System32\SHELL32.dll
0x00007ffe711e0000 - 0x00007ffe71a60000 	C:\WINDOWS\SYSTEM32\windows.storage.dll
0x00007ffe75de0000 - 0x00007ffe75ed6000 	C:\WINDOWS\System32\SHCORE.dll
0x00007ffe75320000 - 0x00007ffe75387000 	C:\WINDOWS\System32\shlwapi.dll
0x00007ffe73570000 - 0x00007ffe73599000 	C:\WINDOWS\SYSTEM32\profapi.dll
0x00007ffe50120000 - 0x00007ffe50138000 	c:\Users\danie\.vscode\extensions\redhat.java-1.55.0-win32-x64\jre\21.0.11-win32-x86_64\bin\zip.dll
0x00007ffe5d4f0000 - 0x00007ffe5d500000 	C:\Users\danie\.vscode\extensions\redhat.java-1.55.0-win32-x64\jre\21.0.11-win32-x86_64\bin\net.dll
0x00007ffe66ba0000 - 0x00007ffe66cc9000 	C:\WINDOWS\SYSTEM32\WINHTTP.dll
0x00007ffe72950000 - 0x00007ffe729bc000 	C:\WINDOWS\system32\mswsock.dll
0x00007ffe2d2d0000 - 0x00007ffe2d2e6000 	C:\Users\danie\.vscode\extensions\redhat.java-1.55.0-win32-x64\jre\21.0.11-win32-x86_64\bin\nio.dll
0x00007ffe5b190000 - 0x00007ffe5b1a0000 	c:\Users\danie\.vscode\extensions\redhat.java-1.55.0-win32-x64\jre\21.0.11-win32-x86_64\bin\verify.dll
0x00007ffe266e0000 - 0x00007ffe26725000 	C:\Users\danie\AppData\Roaming\Code\User\globalStorage\redhat.java\1.55.0\config_win\org.eclipse.equinox.launcher\org.eclipse.equinox.launcher.win32.win32.x86_64_1.3.100.v20260613-0559\eclipse_11924.dll
0x00007ffe746f0000 - 0x00007ffe74888000 	C:\WINDOWS\System32\ole32.dll
0x00007ffe72c30000 - 0x00007ffe72c4b000 	C:\WINDOWS\SYSTEM32\CRYPTSP.dll
0x00007ffe72340000 - 0x00007ffe72379000 	C:\WINDOWS\system32\rsaenh.dll
0x00007ffe72a00000 - 0x00007ffe72a33000 	C:\WINDOWS\SYSTEM32\USERENV.dll
0x00007ffe73540000 - 0x00007ffe7356a000 	C:\WINDOWS\SYSTEM32\bcrypt.dll
0x00007ffe72c50000 - 0x00007ffe72c5c000 	C:\WINDOWS\SYSTEM32\CRYPTBASE.dll
0x00007ffe71e70000 - 0x00007ffe71ea3000 	C:\WINDOWS\SYSTEM32\IPHLPAPI.DLL
0x00007ffe741b0000 - 0x00007ffe741ba000 	C:\WINDOWS\System32\NSI.dll
0x00007ffdd67c0000 - 0x00007ffdd6809000 	C:\Users\danie\AppData\Local\Temp\jna-95350893\jna15002575258519336747.dll
0x00007ffe75ce0000 - 0x00007ffe75ce8000 	C:\WINDOWS\System32\PSAPI.DLL
0x00007ffe673b0000 - 0x00007ffe673cd000 	C:\WINDOWS\SYSTEM32\dhcpcsvc6.DLL
0x00007ffe66f40000 - 0x00007ffe66f65000 	C:\WINDOWS\SYSTEM32\dhcpcsvc.DLL
0x00007ffe21740000 - 0x00007ffe21767000 	C:\Users\danie\.gradle\native\1def1411415f61bf3af743bc5b6707747c0891f09f0c88961ee8f79bc544acac\windows-amd64\native-platform.dll
0x00007ffe5b6d0000 - 0x00007ffe5b6da000 	C:\Users\danie\.vscode\extensions\redhat.java-1.55.0-win32-x64\jre\21.0.11-win32-x86_64\bin\management.dll
0x00007ffe5b340000 - 0x00007ffe5b34c000 	C:\Users\danie\.vscode\extensions\redhat.java-1.55.0-win32-x64\jre\21.0.11-win32-x86_64\bin\management_ext.dll
0x00007ffe5a8b0000 - 0x00007ffe5a8b9000 	C:\Users\danie\.vscode\extensions\redhat.java-1.55.0-win32-x64\jre\21.0.11-win32-x86_64\bin\extnet.dll
0x00007ffe5a500000 - 0x00007ffe5a50e000 	C:\Users\danie\.vscode\extensions\redhat.java-1.55.0-win32-x64\jre\21.0.11-win32-x86_64\bin\sunmscapi.dll
0x00007ffe73fb0000 - 0x00007ffe74128000 	C:\WINDOWS\System32\CRYPT32.dll
0x00007ffe72e50000 - 0x00007ffe72e80000 	C:\WINDOWS\SYSTEM32\ncrypt.dll
0x00007ffe72e00000 - 0x00007ffe72e3f000 	C:\WINDOWS\SYSTEM32\NTASN1.dll
0x00007ffe50190000 - 0x00007ffe50198000 	C:\WINDOWS\system32\wshunix.dll

JVMTI agents:
c:\Users\danie\.vscode\extensions\redhat.java-1.55.0-win32-x64\lombok\lombok-1.18.39-4050.jar path:c:\Users\danie\.vscode\extensions\redhat.java-1.55.0-win32-x64\jre\21.0.11-win32-x86_64\bin\instrument.dll, loaded, initialized, instrumentlib options:none

dbghelp: loaded successfully - version: 4.0.5 - missing functions: none
symbol engine: initialized successfully - sym options: 0x614 - pdb path: .;c:\Users\danie\.vscode\extensions\redhat.java-1.55.0-win32-x64\jre\21.0.11-win32-x86_64\bin;C:\WINDOWS\SYSTEM32;C:\WINDOWS\WinSxS\amd64_microsoft.windows.common-controls_6595b64144ccf1df_6.0.26100.8521_none_3e08b75ce33403b3;C:\Program Files\Windhawk\Engine\1.6\64;c:\Users\danie\.vscode\extensions\redhat.java-1.55.0-win32-x64\jre\21.0.11-win32-x86_64\bin\server;C:\Users\danie\AppData\Roaming\Code\User\globalStorage\redhat.java\1.55.0\config_win\org.eclipse.equinox.launcher\org.eclipse.equinox.launcher.win32.win32.x86_64_1.3.100.v20260613-0559;C:\Users\danie\AppData\Local\Temp\jna-95350893;C:\Users\danie\.gradle\native\1def1411415f61bf3af743bc5b6707747c0891f09f0c88961ee8f79bc544acac\windows-amd64

VM Arguments:
jvm_args: --add-modules=ALL-SYSTEM --add-opens=java.base/java.util=ALL-UNNAMED --add-opens=java.base/java.lang=ALL-UNNAMED --add-opens=java.base/sun.nio.fs=ALL-UNNAMED -Declipse.application=org.eclipse.jdt.ls.core.id1 -Dosgi.bundles.defaultStartLevel=4 -Declipse.product=org.eclipse.jdt.ls.core.product -Djava.import.generatesMetadataFilesAtProjectRoot=false -DDetectVMInstallationsJob.disabled=true -Dfile.encoding=utf8 -XX:+UseParallelGC -XX:GCTimeRatio=4 -XX:AdaptiveSizePolicyWeight=90 -Dsun.zip.disableMemoryMapping=true -Xmx2G -Xms100m -Xlog:disable -javaagent:c:\Users\danie\.vscode\extensions\redhat.java-1.55.0-win32-x64\lombok\lombok-1.18.39-4050.jar -XX:+HeapDumpOnOutOfMemoryError -XX:HeapDumpPath=c:\Users\danie\AppData\Roaming\Code\User\workspaceStorage\cd4694d70656de313ca6e43ad8c834c3\redhat.java -Daether.dependencyCollector.impl=bf 
java_command: c:\Users\danie\.vscode\extensions\redhat.java-1.55.0-win32-x64\server\plugins\org.eclipse.equinox.launcher_1.7.200.v20260619-2039.jar -configuration c:\Users\danie\AppData\Roaming\Code\User\globalStorage\redhat.java\1.55.0\config_win -data c:\Users\danie\AppData\Roaming\Code\User\workspaceStorage\cd4694d70656de313ca6e43ad8c834c3\redhat.java\jdt_ws --pipe=\\.\pipe\lsp-3a41ce10773e7146a8a7e5a193e2030c-sock
java_class_path (initial): c:\Users\danie\.vscode\extensions\redhat.java-1.55.0-win32-x64\server\plugins\org.eclipse.equinox.launcher_1.7.200.v20260619-2039.jar
Launcher Type: SUN_STANDARD

[Global flags]
    uintx AdaptiveSizePolicyWeight                 = 90                                        {product} {command line}
     intx CICompilerCount                          = 4                                         {product} {ergonomic}
    uintx GCTimeRatio                              = 4                                         {product} {command line}
     bool HeapDumpOnOutOfMemoryError               = true                                   {manageable} {command line}
    ccstr HeapDumpPath                             = c:\Users\danie\AppData\Roaming\Code\User\workspaceStorage\cd4694d70656de313ca6e43ad8c834c3\redhat.java         {manageable} {command line}
   size_t InitialHeapSize                          = 104857600                                 {product} {command line}
   size_t MaxHeapSize                              = 2147483648                                {product} {command line}
   size_t MaxNewSize                               = 715653120                                 {product} {ergonomic}
   size_t MinHeapDeltaBytes                        = 524288                                    {product} {ergonomic}
   size_t MinHeapSize                              = 104857600                                 {product} {command line}
   size_t NewSize                                  = 34603008                                  {product} {ergonomic}
    uintx NonNMethodCodeHeapSize                   = 5839372                                {pd product} {ergonomic}
    uintx NonProfiledCodeHeapSize                  = 122909434                              {pd product} {ergonomic}
   size_t OldSize                                  = 70254592                                  {product} {ergonomic}
    uintx ProfiledCodeHeapSize                     = 122909434                              {pd product} {ergonomic}
    uintx ReservedCodeCacheSize                    = 251658240                              {pd product} {ergonomic}
     bool SegmentedCodeCache                       = true                                      {product} {ergonomic}
   size_t SoftMaxHeapSize                          = 2147483648                             {manageable} {ergonomic}
     bool UseCompressedOops                        = true                           {product lp64_product} {ergonomic}
     bool UseLargePagesIndividualAllocation        = false                                  {pd product} {ergonomic}
     bool UseParallelGC                            = true                                      {product} {command line}

Logging:
Log output configuration:
 #0: stdout all=off uptime,level,tags foldmultilines=false
 #1: stderr all=off uptime,level,tags foldmultilines=false

Release file:
JAVA_VERSION="21.0.11" 
MODULES="java.base java.compiler java.datatransfer java.xml java.prefs java.desktop java.instrument java.logging java.management java.security.sasl java.naming java.rmi java.management.rmi java.net.http java.scripting java.security.jgss java.transaction.xa java.sql java.sql.rowset java.xml.crypto java.se java.smartcardio jdk.accessibility jdk.internal.jvmstat jdk.attach jdk.charsets jdk.internal.opt jdk.zipfs jdk.compiler jdk.crypto.ec jdk.crypto.cryptoki jdk.crypto.mscapi jdk.dynalink jdk.internal.ed jdk.editpad jdk.hotspot.agent jdk.httpserver jdk.internal.le jdk.internal.vm.ci jdk.internal.vm.compiler jdk.internal.vm.compiler.management jdk.jartool jdk.javadoc jdk.jcmd jdk.management jdk.management.agent jdk.jconsole jdk.jdeps jdk.jdwp.agent jdk.jdi jdk.jfr jdk.jshell jdk.jsobject jdk.jstatd jdk.localedata jdk.management.jfr jdk.naming.dns jdk.naming.rmi jdk.net jdk.nio.mapmode jdk.random jdk.sctp jdk.security.auth jdk.security.jgss jdk.unsupported jdk.unsupported.desktop jdk.xml.dom" 

Environment Variables:
PATH=C:\app\oracle\product\dbhome_1\bin;C:\Program Files (x86)\VMware\VMware Workstation\bin\;C:\Program Files\Common Files\Oracle\Java\javapath;C:\Program Files (x86)\Common Files\Oracle\Java\java8path;C:\Program Files (x86)\Common Files\Oracle\Java\javapath;C:\windows\system32;C:\windows;C:\windows\System32\Wbem;C:\windows\System32\WindowsPowerShell\v1.0\;C:\windows\System32\OpenSSH\;C:\Program Files\dotnet\;C:\WINDOWS\system32;C:\WINDOWS;C:\WINDOWS\System32\Wbem;C:\WINDOWS\System32\WindowsPowerShell\v1.0\;C:\WINDOWS\System32\OpenSSH\;C:\xampp\htdocs\php.exe;C:\xampp\php;C:\ProgramData\ComposerSetup\bin;C:\Program Files\Git\cmd;C:\Program Files (x86)\Microsoft SQL Server\160\Tools\Binn\;C:\Program Files\Microsoft SQL Server\160\Tools\Binn\;C:\Program Files\Microsoft SQL Server\Client SDK\ODBC\170\Tools\Binn\;C:\Program Files\Microsoft SQL Server\160\DTS\Binn\;C:\Program Files (x86)\Microsoft SQL Server\160\DTS\Binn\;C:\Program Files\Microsoft SQL Server\150\Tools\Binn\;C:\Program Files (x86)\Microsoft SQL Server\150\Tools\Binn\;C:\Program Files\Microsoft SQL Server\150\DTS\Binn\;C:\Program Files (x86)\Microsoft SQL Server\Client SDK\ODBC\130\Tools\Binn\;C:\Program Files (x86)\Microsoft SQL Server\130\Tools\Binn\;C:\Program Files (x86)\Microsoft SQL Server\130\DTS\Binn\;C:\Program Files (x86)\Microsoft SQL Server\130\Tools\Binn\ManagementStudio\;C:\Program Files\MongoDB\Server\7.0\bin;C:\Program Files\nodejs\;C:\Program Files\Microsoft SQL Server\170\Tools\Binn\;C:\Program Files\Microsoft SQL Server\130\DTS\Binn\;C:\Program Files\Microsoft SQL Server\140\DTS\Binn\;C:\Program Files\Microsoft SQL Server\170\DTS\Binn\;C:\Program Files\Docker\Docker\resources\bin;C:\Program Files (x86)\Windows Kits\10\Windows Performance Toolkit\;C:\ProgramData\chocolatey\bin;C:\flutter\bin;C:\Users\danie\AppData\Local\Programs\Python\Launcher\;C:\Users\danie\AppData\Local\Microsoft\WindowsApps;C:\Users\danie\AppData\Local\Programs\Microsoft VS Code\bin;C:\Users\danie\AppData\Roaming\Composer\vendor\bin;C:\flutter_windows_3.27.4-stable\flutter\bin;C:\Users\danie\.dotnet\tools;C:\Users\danie\AppData\Local\JetBrains\Toolbox\scripts;C:\Program Files\MongoDB\Server\7.0\bin;C:\Users\danie\AppData\Roaming\npm;C:\Users\danie\.local\bin;C:\tools\dart-sdk\bin;C:\Users\danie\AppData\Local\Pub\Cache\bin;C:\flutter\bin;C:\Users\danie\AppData\Local\Programs\Kiro\bin;C:\Users\danie\AppData\Local\Programs\Antigravity IDE\bin
USERNAME=danie
OS=Windows_NT
PROCESSOR_IDENTIFIER=Intel64 Family 6 Model 154 Stepping 4, GenuineIntel
TMP=C:\Users\danie\AppData\Local\Temp
TEMP=C:\Users\danie\AppData\Local\Temp




Periodic native trim disabled

---------------  S Y S T E M  ---------------

OS:
 Windows 11 , 64 bit Build 26100 (10.0.26100.8521)
OS uptime: 0 days 3:58 hours
Hyper-V role detected

CPU: total 12 (initial active 12) (6 cores per cpu, 2 threads per core) family 6 model 154 stepping 4 microcode 0x432, cx8, cmov, fxsr, ht, mmx, 3dnowpref, sse, sse2, sse3, ssse3, sse4.1, sse4.2, popcnt, lzcnt, tsc, tscinvbit, avx, avx2, aes, erms, clmul, bmi1, bmi2, adx, sha, fma, vzeroupper, clflush, clflushopt, clwb, hv, serialize, rdtscp, rdpid, fsrm, f16c, cet_ibt, cet_ss
Processor Information for processor 0
  Max Mhz: 1700, Current Mhz: 1700, Mhz Limit: 1700
Processor Information for processor 1
  Max Mhz: 1700, Current Mhz: 1700, Mhz Limit: 1700
Processor Information for processor 2
  Max Mhz: 1700, Current Mhz: 1700, Mhz Limit: 1700
Processor Information for processor 3
  Max Mhz: 1700, Current Mhz: 1700, Mhz Limit: 1700
Processor Information for processor 4
  Max Mhz: 1700, Current Mhz: 1200, Mhz Limit: 1190
Processor Information for processor 5
  Max Mhz: 1700, Current Mhz: 1200, Mhz Limit: 1190
Processor Information for processor 6
  Max Mhz: 1700, Current Mhz: 1200, Mhz Limit: 1190
Processor Information for processor 7
  Max Mhz: 1700, Current Mhz: 1200, Mhz Limit: 1190
Processor Information for processor 8
  Max Mhz: 1700, Current Mhz: 1200, Mhz Limit: 1190
Processor Information for processor 9
  Max Mhz: 1700, Current Mhz: 1200, Mhz Limit: 1190
Processor Information for processor 10
  Max Mhz: 1700, Current Mhz: 1200, Mhz Limit: 1190
Processor Information for processor 11
  Max Mhz: 1700, Current Mhz: 1200, Mhz Limit: 1190

Memory: 4k page, system-wide physical 16055M (1853M free)
TotalPageFile size 34420M (AvailPageFile size 93M)
current process WorkingSet (physical memory assigned to process): 618M, peak: 631M
current process commit charge ("private bytes"): 694M, peak: 710M

vm_info: OpenJDK 64-Bit Server VM (21.0.11+10-LTS) for windows-amd64 JRE (21.0.11+10-LTS), built on 2026-04-21T00:00:00Z by "admin" with MS VC++ 17.12 (VS2022)

END.
